[cdnjs.cloudflare.com/ajax/libs/twitter-bootstrap/4.3.1/css/bootstrap.min.css]
[code.jquery.com/jquery-3.3.1.slim.min.js]
[cdnjs.cloudflare.com/ajax/libs/popper.js/1.14.7/umd/popper.min.js]
[backblue.gif]
[fade.gif]
[index.html]
[www.luckywinnerspower.com/top.jpg]
[www.luckywinnerspower.com/cashapp.html]
[www.luckywinnerspower.com/link2play.html]
[www.luckywinnerspower.com/contact.html]
[www.playgd.mobi/LOGO/playgd/splash.jpg]
[www.luckywinnerspower.com/home/setting.html]
[images.pexels.com/photos/371924/pexels-photo-3719247874.jpg]
[cdn.pixabay.com/photo/2015/02/07/13/07/cards-627167_1280.jpg]
[firebasestorage.googleapis.com/v0/b/chat-8637f.appspot.com/o/Untitled-10fdf.jpg]
[firebasestorage.googleapis.com/v0/b/chat-8637f.appspot.com/o/bonus (1)1db9.png]
[www.luckywinnerspower.com/mess.png]
[upload.wikimedia.org/wikipedia/commons/thumb/8/82/Telegram_logo.svg/2048px-Telegram_logo.svg.png]
[telegram.org/index.html]
[www.luckywinnerspower.com/chat/addchat/img/addchat-logo-white.png]
[ajax.googleapis.com/ajax/libs/jquery/3.5.1/jquery.min.js]
[www.luckywinnerspower.com/chat/addchat/js/tezchat.js]
[www.luckywinnerspower.com/index.html]
[cdnjs.cloudflare.com/ajax/libs/twitter-bootstrap/4.3.1/css/bootstrap.min.css]
[www.luckywinnerspower.com/chat/addchat/webfonts/fa-solid-900.eot]
[www.luckywinnerspower.com/chat/addchat/webfonts/fa-solid-900d41d.eot]
[www.luckywinnerspower.com/chat/addchat/webfonts/fa-solid-900.woff]
[www.luckywinnerspower.com/chat/addchat/webfonts/fa-solid-900.ttf]
[www.luckywinnerspower.com/chat/addchat/css/tezchat.css]
[www.luckywinnerspower.com/cash.webp]
[cash.app/$ssmjs.html]
[external.html]
[www.luckywinnerspower.com/cashapp.html]
[cash.app/$advsi.html]
[www.ultrapanda.mobi/index.html]
[www.vblink777.club/index.html]
[www.egame99.club/index.html]
[bet777.eu/index.html]
[vegas-x.org/index.html]
[dl.juwa777.com/index.html]
[www.luckywinnerspower.com/link2play.html]
[rm777.net/index.html]
[www.luckywinnerspower.com/contact.html]
[download.gamevault999.com/index.html]
[milkywayapp.xyz/index.html]
[ajax.googleapis.com/ajax/libs/jquery/3.7.1/jquery.min.js]
[www.luckywinnerspower.com/home/setting.html]
[www.messenger.com/login.e9abf.delayed]
[www.messenger.com/login.e9abf.delayed]
[telegram.org/img/t_logo.png]
[telegram.org/img/website_icona87f.svg]
[telegram.org/img/apple-touch-icon.png]
[telegram.org/img/favicon-32x32.png]
[telegram.org/img/favicon-16x16.png]
[telegram.org/img/favicon.ico]
[telegram.org/css/bootstrap.mineccb.css]
[telegram.org/css/telegram0116.css]
[telegram.org/index07ff.html]
[telegram.org/faq.html]
[telegram.org/index99eb.html]
[telegram.org/index304e.html]
[telegram.org/indexffbd.html]
[telegram.org/indexa14e.html]
[telegram.org/apps.html]
[core.telegram.org/mtproto.35.delayed]
[telegram.org/index5a86.html]
[telegram.org/indexe8d8.html]
[telegram.org/indexa919.html]
[telegram.org/index947e.html]
[telegram.org/indexd0e2.html]
[core.telegram.org/mtproto.html]
[telegram.org/indexd3b6.html]
[telegram.org/indexace4.html]
[telegram.org/indexddc8.html]
[telegram.org/index4c6d.html]
[telegram.org/index9d90.html]
[telegram.org/blog.html]
[telegram.org/index5bec.html]
[telegram.org/blog/new-saved-messages-and-9-more]
[telegram.org/index55e9.html]
[telegram.org/indexc1a4.html]
[telegram.org/blog/new-saved-messages-and-9-more/uk5279.html]
[telegram.org/blog/calls-and-bots]
[telegram.org/blog/calls-and-bots/ko5279.html]
[telegram.org/blog/posts-in-stories-and-more]
[telegram.org/blog/posts-in-stories-and-more/ko5279.html]
[telegram.org/android.html]
[telegram.org/dl/ios]
[desktop.telegram.org/index.html]
[macos.telegram.org/index.html]
[apps.apple.com/us/app/telegram-messenger/id686449807.html]
[telegram.org/file/400780400296/1/9NHuUm1khJE.300782/913468ac6a12d3161d.jpg]
[telegram.org/file/464001897/3/f0Go0rLpEwk.11343.png/dd4eeb46cc5efc0688.png]
[telegram.org/file/464001737/4/Fn57W9l3xI0.15286.png/d4b936ecc2c939f4fa.png]
[telegram.org/file/400780400149/1/BSY3rQYfUhs.332063/6b257c0dc671d7be2c.jpg]
[telegram.org/file/464001560/2/n7EACfx4FPY.16465.png/7318c11715aa2ec45b.png]
[telegram.org/file/464001132/3/-1qvqKPZsQQ.17975.png/7d57d7159cf4fbe9b2.png]
[telegram.org/file/464001828/11e9a/1yY7a721t4o.30567.png/e113973dae2bee508b.png]
[telegram.org/file/464001880/3/xOpm7ohoHQ0.12690.png/feb1e161b1d3608613.png]
[telegram.org/file/464001453/3/mNzXWC3RX0c.15740.png/9ce5fa5f3fb74460b4.png]
[telegram.org/file/464001402/5/eOMSj3GzJXo.13579.png/f3cec6c451d023c109.png]
[telegram.org/file/464001166/2/FzTl8_M5mQA.19325.png/b6c5dbc0e4f6553805.png]
[telegram.org/privacy.html]
[telegram.org/press.html]
[telegram.org/dl/web]
[telegram.org/dl/web]
[core.telegram.org/index.html]
[telegram.org/js/main67c6.js]
[telegram.org/index.html]
[www.luckywinnerspower.com/chat/addchat/webfonts/fa-solid-900.html]
[www.luckywinnerspower.com/chat/addchat/webfonts/fa-solid-900.svg]
[telegram.org/js/tgstickerc16a.js]
[t.me/+Czre0baGznFkYzU9.1a.delayed]
[t.me/+Czre0baGznFkYzU9.1a.delayed]
[cash.app/$ebromw.1b.delayed]
[cash.app/$ebromw.1b.delayed]
[m.me/yessammie.1d.delayed]
[www.messenger.com/t/100004287675644/index.html]
[www.messenger.com/loginedf5.html]
[cash.app/share-imageedef.png]
[cash-f.squarecdn.com/static/fonts/cash-market/v2/CashMarket-RegularRounded.woff2]
[cash-f.squarecdn.com/static/fonts/cash-market/v2/CashMarket-MediumRounded.woff2]
[cash-f.squarecdn.com/static/apple-touch-icon.png]
[cash-f.squarecdn.com/static/manifest.webmanifest]
[cash-f.squarecdn.com/static/favicon.ico]
[cash-f.squarecdn.com/static/favicon.svg]
[cash-f.squarecdn.com/web/cashtags/e63ada74cd7fa5f4563aa2b0069beeafa2e3d3ce/_next/static/css/aed243c6a8c1dbb6.css]
[cash-f.squarecdn.com/web/cashtags/e63ada74cd7fa5f4563aa2b0069beeafa2e3d3ce/_next/static/chunks/polyfills-c67a75d1b6f99dc8.js]
[cash-f.squarecdn.com/web/cashtags/e63ada74cd7fa5f4563aa2b0069beeafa2e3d3ce/_next/static/chunks/webpack-0a14bacba7b19806.js]
[cash-f.squarecdn.com/web/cashtags/e63ada74cd7fa5f4563aa2b0069beeafa2e3d3ce/_next/static/chunks/framework-efb151e308e5c51a.js]
[cash-f.squarecdn.com/web/cashtags/e63ada74cd7fa5f4563aa2b0069beeafa2e3d3ce/_next/static/chunks/main-945f9e2515373b1d.js]
[cash-f.squarecdn.com/web/cashtags/e63ada74cd7fa5f4563aa2b0069beeafa2e3d3ce/_next/static/chunks/pages/_app-27d65d4f292bd4b3.js]
[cash-f.squarecdn.com/web/cashtags/e63ada74cd7fa5f4563aa2b0069beeafa2e3d3ce/_next/static/chunks/336-79aad901eca2980c.js]
[cash-f.squarecdn.com/web/cashtags/e63ada74cd7fa5f4563aa2b0069beeafa2e3d3ce/_next/static/chunks/pages/cashtag-5cff26b62ce90b45.js]
[cash-f.squarecdn.com/web/cashtags/e63ada74cd7fa5f4563aa2b0069beeafa2e3d3ce/_next/static/xL5Jd6jwyne13Wfsi58VZ/_buildManifest.js]
[cash-f.squarecdn.com/web/cashtags/e63ada74cd7fa5f4563aa2b0069beeafa2e3d3ce/_next/static/xL5Jd6jwyne13Wfsi58VZ/_ssgManifest.js]
[cash.app/$ssmjs.html]
[cash.app/qr/$ssmjs9305.png]
[cash.app/share-imagea140.png]
[cash.app/$advsi.html]
[cash.app/qr/$advsi9305.png]
[www.playgd.mobi/SSLobby/3146.2/web-mobile/index.21.delayed]
[www.playgd.mobi/SSLobby/3146.2/web-mobile/index.21.delayed]
[start.orionstars.vip_8580/index.22.delayed]
[start.orionstars.vip_8580/index.22.delayed]
[grandsweeps.xyz_8580/index.23.delayed]
[grandsweeps.xyz_8580/index.23.delayed]
[www.ultrapanda.mobi/style.e598f.css]
[www.ultrapanda.mobi/loading/loadingStyle.45a66.css]
[www.ultrapanda.mobi/loading/bg.27d74.jpg]
[www.ultrapanda.mobi/loading/logo.12ef5.png]
[www.ultrapanda.mobi/loading/bgrBG.c9835.png]
[www.ultrapanda.mobi/loading/bar.113bd.png]
[www.ultrapanda.mobi/loading/loading.f3930.js]
[www.ultrapanda.mobi/img/orientation3.gif]
[www.ultrapanda.mobi/img/vuot.gif]
[www.ultrapanda.mobi/index.html]
[www.vblink777.club/style.e598f.css]
[www.vblink777.club/loading/loadingStyle.45a66.css]
[www.vblink777.club/loading/bg.0143b.jpg]
[www.vblink777.club/loading/logo.51136.png]
[www.vblink777.club/loading/bgrBG.2f8b4.png]
[www.vblink777.club/loading/bar.b81d3.png]
[www.vblink777.club/index.html]
[www.vblink777.club/loading/loading.c7020.js]
[www.egame99.club/style.e598f.css]
[www.egame99.club/loading/loadingStyle.006e5.css]
[www.egame99.club/loading/bg.8d986.jpg]
[www.egame99.club/loading/bgrBG.ae6be.png]
[www.egame99.club/loading/bar.28b49.png]
[www.egame99.club/loading/loading.36814.js]
[www.egame99.club/img/orientation3.gif]
[www.egame99.club/img/vuot.gif]
[www.egame99.club/index.html]
[bet777.eu/css/bootstrap3860.css]
[bet777.eu/css/font-awesome.min.css]
[bet777.eu/css/prettyPhoto.css]
[bet777.eu/css/buttons.css]
[bet777.eu/css/style.css]
[cdn.jsdelivr.net/npm/uikit@3.6.18/dist/css/uikit.min.css]
[cdn.jsdelivr.net/npm/uikit@3.6.18/dist/js/uikit.min.js]
[bet777.eu/chip.png]
[bet777.eu/cdn-cgi/l/email-protection.html]
[bet777.eu/img/browsers_min.png]
[bet777.eu/img/playstore-icon.png]
[bet777.eu/img/appstore-icon.png]
[bet777.eu/install/riversweeps.msi]
[bet777.eu/img/computer-icon.png]
[bet777.eu/img/frosty-fruits.jpg]
[bet777.eu/img/crazy-scientist.jpg]
[bet777.eu/img/african-king.jpg]
[bet777.eu/img/bananas10.jpg]
[bet777.eu/img/cleos-heart.jpg]
[bet777.eu/img/cloverstones.jpg]
[bet777.eu/img/diamond-shot.jpg]
[bet777.eu/img/disco-fruits.jpg]
[bet777.eu/img/dragon7s.jpg]
[bet777.eu/img/fruits-fury.jpg]
[bet777.eu/img/golden-fruits.jpg]
[bet777.eu/img/golden-skulls.jpg]
[bet777.eu/img/hit-in-vegas.jpg]
[bet777.eu/img/jungle2.jpg]
[bet777.eu/img/magic-dragons.jpg]
[bet777.eu/img/magic-tree.jpg]
[bet777.eu/img/red-hot-chili-7s.jpg]
[bet777.eu/img/royal-fruits40.jpg]
[bet777.eu/index.html]
[bet777.eu/img/shining-princess.jpg]
[vegas-x.org/games/jquery/jquery.js]
[vegas-x.org/games/jquery/jquery.md5.js]
[vegas-x.org/src/css/bootstrap.min.css]
[vegas-x.org/src/js/is.js]
[vegas-x.org/src/css/vegas-xae24.css]
[vegas-x.org/index.html]
[start.firekirin.xyz_8580/index.24.delayed]
[start.firekirin.xyz_8580/index.24.delayed]
[rm777.net/index.html]
[rm777.net/index_files/touch.css]
[www.fortune2go20.com/mobile/Login/index.25.delayed]
[www.fortune2go20.com/mobile/Login/favicon.8f6f9.ico]
[pandamaster.vip_8888/index.26.delayed]
[pandamaster.vip_8888/index.26.delayed]
[dl.juwa777.com/index.html]
[milkywayapp.xyz/index_files/touch.css]
[milkywayapp.xyz/index.html]
[juwadownload.oss-us-west-1.aliyuncs.com/js/js/jquery-1.11.3.js]
[download.gamevault999.com/index.html]
[telegram.org/img/website_icona87f.svg]
[telegram.org/css/bootstrap.mineccb.css]
[telegram.org/css/telegram0116.css]
[download.gamevault999.com/js/browserea91.js]
[telegram.org/dl/web.b3.delayed]
[telegram.org/img/dropdown_1x.png]
[telegram.org/index07ff.html]
[telegram.org/index99eb.html]
[telegram.org/index304e.html]
[telegram.org/blog/calls-and-bots/id]
[telegram.org/blog/new-saved-messages-and-9-more/ms]
[telegram.org/blog/new-saved-messages-and-9-more/de.html]
[telegram.org/blog/new-saved-messages-and-9-more/id]
[telegram.org/blog/calls-and-bots/de.html]
[telegram.org/indexffbd.html]
[telegram.org/blog/posts-in-stories-and-more/de]
[telegram.org/blog/new-saved-messages-and-9-more/es.html]
[telegram.org/blog/calls-and-bots/es.html]
[telegram.org/indexa14e.html]
[telegram.org/blog/posts-in-stories-and-more/es]
[telegram.org/blog/new-saved-messages-and-9-more/fr.html]
[telegram.org/blog/calls-and-bots/fr.html]
[telegram.org/index5a86.html]
[telegram.org/blog/posts-in-stories-and-more/fr]
[telegram.org/indexe8d8.html]
[telegram.org/blog/new-saved-messages-and-9-more/it]
[telegram.org/indexa919.html]
[telegram.org/blog/new-saved-messages-and-9-more/nl]
[telegram.org/index947e.html]
[telegram.org/indexd0e2.html]
[telegram.org/blog/new-saved-messages-and-9-more/uz]
[telegram.org/indexd3b6.html]
[telegram.org/blog/new-saved-messages-and-9-more/pl]
[telegram.org/blog/new-saved-messages-and-9-more/pt-br]
[telegram.org/indexace4.html]
[telegram.org/blog/new-saved-messages-and-9-more/be.html]
[telegram.org/blog/new-saved-messages-and-9-more/tr]
[telegram.org/indexddc8.html]
[telegram.org/index4c6d.html]
[telegram.org/blog/calls-and-bots/be]
[telegram.org/blog/posts-in-stories-and-more/be]
[telegram.org/index9d90.html]
[telegram.org/index5bec.html]
[telegram.org/index55e9.html]
[telegram.org/indexc1a4.html]
[telegram.org/blog/new-saved-messages-and-9-more/ar]
[telegram.org/blog/new-saved-messages-and-9-more/ko]
[twitter.com/telegram.31.delayed]
[telegram.org/faq.html]
[telegram.org/apps.html]
[core.telegram.org/api.34.delayed]
[core.telegram.org/api.34.delayed]
[telegram.org/apps07ff]
[core.telegram.org/mtproto.html]
[telegram.org/blog.html]
[telegram.org/blog/new-saved-messages-and-9-more/uk5279.html]
[telegram.org/blog/calls-and-bots/ko5279.html]
[telegram.org/blog/posts-in-stories-and-more/ko5279.html]
[www.w3.org/2000/svg.3e.delayed]
[telegram.org/android.html]
[telegram.org/blog/calls-and-bots/ko]
[apps.apple.com/us/app/telegram-messenger/id686449807.html]
[desktop.telegram.org/index.html]
[macos.telegram.org/index.html]
[telegram.org/privacy.html]
[telegram.org/press.html]
[core.telegram.org/index.html]
[www.messenger.com/t/100048459707589/index.html]
[www.messenger.com/loginedf5.html]
[cash-f.squarecdn.com/static/favicon.svg]
[cash-f.squarecdn.com/web/cashtags/e63ada74cd7fa5f4563aa2b0069beeafa2e3d3ce/_next/static/css/aed243c6a8c1dbb6.css]
[www.ultrapanda.mobi/style.e598f.css]
[www.ultrapanda.mobi/loading/loadingStyle.45a66.css]
[www.vblink777.club/style.e598f.css]
[www.vblink777.club/loading/loadingStyle.45a66.css]
[www.egame99.club/style.e598f.css]
[www.egame99.club/loading/loadingStyle.006e5.css]
[bet777.eu/css/bootstrap3860.css]
[bet777.eu/css/font-awesome.min.css]
[bet777.eu/css/prettyPhoto.css]
[bet777.eu/css/buttons.css]
[bet777.eu/css/style.css]
[cdn.jsdelivr.net/npm/uikit@3.6.18/dist/css/uikit.min.css]
[fonts.googleapis.com/csse3e5.css]
[fonts.googleapis.com/cssb520.css]
[fonts.googleapis.com/css8f84.css]
[bet777.eu/cdn-cgi/l/email-protection.html]
[vegas-x.org/src/css/bootstrap.min.css]
[vegas-x.org/src/css/vegas-xae24.css]
[fonts.googleapis.com/cssaa4a]
[rm777.net/index_files/touch.css]
[www.fortune2go20.com/mobile/Login/style-mobile.98235.css]
[milkywayapp.xyz/index_files/touch.css]
[telegram.org/blog/new-saved-messages-and-9-more/id]
[telegram.org/blog/calls-and-bots/id]
[telegram.org/blog/new-saved-messages-and-9-more/ms]
[telegram.org/blog/new-saved-messages-and-9-more/de.html]
[telegram.org/blog/calls-and-bots/de.html]
[telegram.org/blog/posts-in-stories-and-more/de]
[telegram.org/blog/new-saved-messages-and-9-more/es.html]
[telegram.org/blog/calls-and-bots/es.html]
[telegram.org/blog/posts-in-stories-and-more/es]
[telegram.org/blog/new-saved-messages-and-9-more/fr.html]
[telegram.org/blog/calls-and-bots/fr.html]
[telegram.org/blog/posts-in-stories-and-more/fr]
[telegram.org/blog/new-saved-messages-and-9-more/it]
[telegram.org/blog/new-saved-messages-and-9-more/nl]
[telegram.org/blog/new-saved-messages-and-9-more/uz]
[telegram.org/blog/new-saved-messages-and-9-more/pl]
[telegram.org/blog/new-saved-messages-and-9-more/pt-br]
[telegram.org/blog/new-saved-messages-and-9-more/tr]
[telegram.org/blog/new-saved-messages-and-9-more/be.html]
[telegram.org/blog/calls-and-bots/be]
[telegram.org/blog/posts-in-stories-and-more/be]
[telegram.org/blog/new-saved-messages-and-9-more/ar]
[telegram.org/blog/new-saved-messages-and-9-more/ko]
[telegram.org/apps07ff]
[telegram.org/blog/calls-and-bots/ko]
